2026-07-04 21:43:09,875 - INFO - ==========READER LAUNCHED==========
2026-07-04 21:43:09,875 - INFO - 搜索分卷文件: .\pack\resources.bin*
2026-07-04 21:43:10,519 - INFO - 解压完成，共 112 个文件
2026-07-04 21:43:17,238 - INFO - 解包资源包: .\pack\resources.bin -> extracted
2026-07-04 21:43:17,238 - INFO - 找到 12 个分卷文件，开始合并...
2026-07-04 21:43:17,245 - INFO - 处理分卷: .\pack\resources.bin001
2026-07-04 21:43:17,256 - INFO - 处理分卷: .\pack\resources.bin002
2026-07-04 21:43:17,270 - INFO - 处理分卷: .\pack\resources.bin003
2026-07-04 21:43:17,280 - INFO - 处理分卷: .\pack\resources.bin004
2026-07-04 21:43:17,291 - INFO - 处理分卷: .\pack\resources.bin005
2026-07-04 21:43:17,308 - INFO - 处理分卷: .\pack\resources.bin006
2026-07-04 21:43:17,313 - INFO - 处理分卷: .\pack\resources.bin007
2026-07-04 21:43:17,333 - INFO - 处理分卷: .\pack\resources.bin008
2026-07-04 21:43:17,342 - INFO - 处理分卷: .\pack\resources.bin009
2026-07-04 21:43:17,353 - INFO - 处理分卷: .\pack\resources.bin010
2026-07-04 21:43:17,363 - INFO - 处理分卷: .\pack\resources.bin011
2026-07-04 21:43:17,376 - INFO - 处理分卷: .\pack\resources.bin012
2026-07-04 21:43:17,385 - INFO - 合并完成: .\pack\resources.bin_merged.bin
2026-07-04 21:43:17,386 - INFO - 开始解包: .\pack\resources.bin_merged.bin -> extracted
2026-07-04 21:43:17,399 - INFO - 包含 112 个文件
2026-07-04 21:43:17,400 - INFO - 解包: list (4998 字节)
2026-07-04 21:43:17,401 - INFO - 解包: show (2731 字节)
2026-07-04 21:43:17,402 - INFO - 解包: [CS]传说管理局\CS01·羿射九日.txt (213592 字节)
2026-07-04 21:43:17,402 - INFO - 解包: [CS]传说管理局\CS02·无盐女.txt (273139 字节)
2026-07-04 21:43:17,402 - INFO - 解包: [CS]传说管理局\CS03·后土娘娘.txt (319611 字节)
2026-07-04 21:43:17,406 - INFO - 解包: [CS]传说管理局\CS04·玉皇大帝.txt (338440 字节)
2026-07-04 21:43:17,408 - INFO - 解包: [CS]传说管理局\CS05·五国会谈.txt (528314 字节)
2026-07-04 21:43:17,410 - INFO - 解包: [CS]传说管理局\CS06·白蛇传说.txt (291237 字节)
2026-07-04 21:43:17,410 - INFO - 解包: [CS]传说管理局\CS07·黑白无常.txt (361053 字节)
2026-07-04 21:43:17,413 - INFO - 解包: [CS]传说管理局\CS08·圣和杜羽.txt (328516 字节)
2026-07-04 21:43:17,413 - INFO - 解包: [CS]传说管理局\CS09·战神刑天.txt (297950 字节)
2026-07-04 21:43:17,413 - INFO - 解包: [CS]传说管理局\CS10·女娲补天.txt (384783 字节)
2026-07-04 21:43:17,417 - INFO - 解包: [CS]传说管理局\CS11·灭世之战.txt (332800 字节)
2026-07-04 21:43:17,419 - INFO - 解包: [CS]传说管理局\CS12·时空之难.txt (219747 字节)
2026-07-04 21:43:17,419 - INFO - 解包: [CS]传说管理局\CS13·颠倒因果方.txt (247503 字节)
2026-07-04 21:43:17,421 - INFO - 解包: [CS]传说管理局\CSE1·烟烟罗.txt (184927 字节)
2026-07-04 21:43:17,421 - INFO - 解包: [CS]传说管理局\CSE2·小故事.txt (12598 字节)
2026-07-04 21:43:17,423 - INFO - 解包: [CS]传说管理局\CSE3·最终彩蛋.txt (6442 字节)
2026-07-04 21:43:17,427 - INFO - 解包: [CS]传说管理局\CS·传说管理局.txt (4340682 字节)
2026-07-04 21:43:17,433 - INFO - 解包: [FK]超能：我有一面复刻镜\FK·我有一面复刻镜.txt (4727283 字节)
2026-07-04 21:43:17,435 - INFO - 解包: [GM]诡秘之主\GM1·小丑.txt (2139953 字节)
2026-07-04 21:43:17,439 - INFO - 解包: [GM]诡秘之主\GM2·无面人.txt (2678682 字节)
2026-07-04 21:43:17,441 - INFO - 解包: [GM]诡秘之主\GM3·旅行家.txt (2485540 字节)
2026-07-04 21:43:17,445 - INFO - 解包: [GM]诡秘之主\GM4·不死者.txt (2100693 字节)
2026-07-04 21:43:17,449 - INFO - 解包: [GM]诡秘之主\GM5·红祭司.txt (2022398 字节)
2026-07-04 21:43:17,449 - INFO - 解包: [GM]诡秘之主\GM6·逐光者.txt (1160202 字节)
2026-07-04 21:43:17,449 - INFO - 解包: [GM]诡秘之主\GM7·倒吊人.txt (870590 字节)
2026-07-04 21:43:17,455 - INFO - 解包: [GM]诡秘之主\GM8·愚者.txt (439422 字节)
2026-07-04 21:43:17,456 - INFO - 解包: [GM]诡秘之主\GME·一个普通人的日常.txt (54012 字节)
2026-07-04 21:43:17,461 - INFO - 解包: [GM]诡秘之主\GM·诡秘之主.txt (13951490 字节)
2026-07-04 21:43:17,473 - INFO - 解包: [GS]诡舍\GS·诡舍.txt (6716623 字节)
2026-07-04 21:43:17,474 - INFO - 解包: [NJ]女将星\NJ1·东海有勇妇，昔为烈士雄.txt (350163 字节)
2026-07-04 21:43:17,477 - INFO - 解包: [NJ]女将星\NJ2·将军女儿身，戎装雄且武.txt (584896 字节)
2026-07-04 21:43:17,479 - INFO - 解包: [NJ]女将星\NJ3·罗袖洒赤血，英气凌紫霞.txt (537293 字节)
2026-07-04 21:43:17,480 - INFO - 解包: [NJ]女将星\NJ4·耐可乘明月，看花上酒船.txt (589371 字节)
2026-07-04 21:43:17,482 - INFO - 解包: [NJ]女将星\NJ5·放荡齐赵间，裘马颇清狂.txt (972250 字节)
2026-07-04 21:43:17,484 - INFO - 解包: [NJ]女将星\NJ6·将军得胜归，士卒还故乡.txt (885533 字节)
2026-07-04 21:43:17,485 - INFO - 解包: [NJ]女将星\NJE1·肖遥.txt (46854 字节)
2026-07-04 21:43:17,486 - INFO - 解包: [NJ]女将星\NJE2·月亮的秘密.txt (26085 字节)
2026-07-04 21:43:17,486 - INFO - 解包: [NJ]女将星\NJE3·长相思.txt (22793 字节)
2026-07-04 21:43:17,491 - INFO - 解包: [NJ]女将星\NJ·女将星.txt (4015238 字节)
2026-07-04 21:43:17,494 - INFO - 解包: [SM]宿命之环\SM1·梦魇.txt (1092504 字节)
2026-07-04 21:43:17,494 - INFO - 解包: [SM]宿命之环\SM2·逐光者.txt (1527609 字节)
2026-07-04 21:43:17,494 - INFO - 解包: [SM]宿命之环\SM3·阴谋家.txt (2261839 字节)
2026-07-04 21:43:17,502 - INFO - 解包: [SM]宿命之环\SM4·罪人.txt (2354760 字节)
2026-07-04 21:43:17,503 - INFO - 解包: [SM]宿命之环\SM5·魔女.txt (1461408 字节)
2026-07-04 21:43:17,507 - INFO - 解包: [SM]宿命之环\SM6·织梦人.txt (1460189 字节)
2026-07-04 21:43:17,510 - INFO - 解包: [SM]宿命之环\SM7·第二定律.txt (2256002 字节)
2026-07-04 21:43:17,512 - INFO - 解包: [SM]宿命之环\SM8·永劫者.txt (653146 字节)
2026-07-04 21:43:17,513 - INFO - 解包: [SM]宿命之环\SME·科尔社村日常.txt (9987 字节)
2026-07-04 21:43:17,522 - INFO - 解包: [SM]宿命之环\SM·宿命之环.txt (11617393 字节)
2026-07-04 21:43:17,524 - INFO - 解包: [SR]十日终焉\SR01·我听到了你们.txt (626487 字节)
2026-07-04 21:43:17,524 - INFO - 解包: [SR]十日终焉\SR02·我看到了你们.txt (674254 字节)
2026-07-04 21:43:17,524 - INFO - 解包: [SR]十日终焉\SR03·我想要见你们.txt (752434 字节)
2026-07-04 21:43:17,529 - INFO - 解包: [SR]十日终焉\SR04·我来找你们了.txt (944089 字节)
2026-07-04 21:43:17,529 - INFO - 解包: [SR]十日终焉\SR05·我很失望.txt (779894 字节)
2026-07-04 21:43:17,529 - INFO - 解包: [SR]十日终焉\SR06·准备认输了吗.txt (827534 字节)
2026-07-04 21:43:17,534 - INFO - 解包: [SR]十日终焉\SR07·这样才对啊.txt (817651 字节)
2026-07-04 21:43:17,534 - INFO - 解包: [SR]十日终焉\SR08·来吧，来找我.txt (777435 字节)
2026-07-04 21:43:17,538 - INFO - 解包: [SR]十日终焉\SR09·我将和你见证.txt (1180391 字节)
2026-07-04 21:43:17,540 - INFO - 解包: [SR]十日终焉\SR10·这一切的终焉.txt (1700971 字节)
2026-07-04 21:43:17,541 - INFO - 解包: [SR]十日终焉\SRE01·张丽娟.txt (170960 字节)
2026-07-04 21:43:17,541 - INFO - 解包: [SR]十日终焉\SRE02·卫国.txt (65819 字节)
2026-07-04 21:43:17,545 - INFO - 解包: [SR]十日终焉\SRE03·宋明辉.txt (82688 字节)
2026-07-04 21:43:17,545 - INFO - 解包: [SR]十日终焉\SRE04·柳宗耀.txt (68371 字节)
2026-07-04 21:43:17,545 - INFO - 解包: [SR]十日终焉\SRE05·单青阳.txt (65393 字节)
2026-07-04 21:43:17,545 - INFO - 解包: [SR]十日终焉\SRE06·岳立松.txt (71516 字节)
2026-07-04 21:43:17,545 - INFO - 解包: [SR]十日终焉\SRE07·楚天秋.txt (98716 字节)
2026-07-04 21:43:17,545 - INFO - 解包: [SR]十日终焉\SRE08·文巧云.txt (39091 字节)
2026-07-04 21:43:17,552 - INFO - 解包: [SR]十日终焉\SRE09·江若雪.txt (82887 字节)
2026-07-04 21:43:17,554 - INFO - 解包: [SR]十日终焉\SRE10·陈俊南.txt (170517 字节)
2026-07-04 21:43:17,561 - INFO - 解包: [SR]十日终焉\SR·十日终焉.txt (9997154 字节)
2026-07-04 21:43:17,564 - INFO - 解包: [UN]夜幕之下\UN1·凡尘神域.txt (1806228 字节)
2026-07-04 21:43:17,566 - INFO - 解包: [UN]夜幕之下\UN2·深红夜幕.txt (2045681 字节)
2026-07-04 21:43:17,571 - INFO - 解包: [UN]夜幕之下\UN3·极恶都市.txt (2530868 字节)
2026-07-04 21:43:17,574 - INFO - 解包: [UN]夜幕之下\UN4·神陨乐章.txt (2411478 字节)
2026-07-04 21:43:17,577 - INFO - 解包: [UN]夜幕之下\UN5·曾经的我们.txt (2548293 字节)
2026-07-04 21:43:17,578 - INFO - 解包: [UN]夜幕之下\UN6·夜幕之下.txt (1722445 字节)
2026-07-04 21:43:17,578 - INFO - 解包: [UN]夜幕之下\UNE1·周平.txt (169416 字节)
2026-07-04 21:43:17,578 - INFO - 解包: [UN]夜幕之下\UNE2·后传.txt (20899 字节)
2026-07-04 21:43:17,585 - INFO - 解包: [UN]夜幕之下\UNE3·红缨的礼物.txt (16988 字节)
2026-07-04 21:43:17,593 - INFO - 解包: [UN]夜幕之下\UN·夜幕之下.txt (13272312 字节)
2026-07-04 21:43:17,598 - INFO - 解包: [XS]我不是戏神\XS1·戏中人.txt (2082996 字节)
2026-07-04 21:43:17,600 - INFO - 解包: [XS]我不是戏神\XS2·绘朱颜.txt (2619933 字节)
2026-07-04 21:43:17,604 - INFO - 解包: [XS]我不是戏神\XS3·祭神舞.txt (2385340 字节)
2026-07-04 21:43:17,607 - INFO - 解包: [XS]我不是戏神\XS4·嘲歌行.txt (2458089 字节)
2026-07-04 21:43:17,609 - INFO - 解包: [XS]我不是戏神\XS5·灭世曲.txt (1622194 字节)
2026-07-04 21:43:17,609 - INFO - 解包: [XS]我不是戏神\XS6·红王泪.txt (1343205 字节)
2026-07-04 21:43:17,621 - INFO - 解包: [XS]我不是戏神\XS·我不是戏神.txt (12518190 字节)
2026-07-04 21:43:17,624 - INFO - 解包: [YS]异兽迷城\YS1·十二生肖.txt (822748 字节)
2026-07-04 21:43:17,626 - INFO - 解包: [YS]异兽迷城\YS2·麒麟工会.txt (1046236 字节)
2026-07-04 21:43:17,626 - INFO - 解包: [YS]异兽迷城\YS3·猩红潮汐.txt (970408 字节)
2026-07-04 21:43:17,630 - INFO - 解包: [YS]异兽迷城\YS4·命运之锁.txt (1232323 字节)
2026-07-04 21:43:17,633 - INFO - 解包: [YS]异兽迷城\YS5A·生于黑夜.txt (1161419 字节)
2026-07-04 21:43:17,635 - INFO - 解包: [YS]异兽迷城\YS5B·诸事顺利.txt (1149132 字节)
2026-07-04 21:43:17,637 - INFO - 解包: [YS]异兽迷城\YS5C·追逐黎明.txt (1139067 字节)
2026-07-04 21:43:17,638 - INFO - 解包: [YS]异兽迷城\YS6·终焉之门.txt (1451777 字节)
2026-07-04 21:43:17,645 - INFO - 解包: [YS]异兽迷城\YS·异兽迷城.txt (8973124 字节)
2026-07-04 21:43:17,650 - INFO - 解包: [ZS]诸神愚戏\ZS1·信仰游戏.txt (2761971 字节)
2026-07-04 21:43:17,654 - INFO - 解包: [ZS]诸神愚戏\ZS2·虚无行者.txt (3120164 字节)
2026-07-04 21:43:17,658 - INFO - 解包: [ZS]诸神愚戏\ZS3·假面非面.txt (3395021 字节)
2026-07-04 21:43:17,661 - INFO - 解包: [ZS]诸神愚戏\ZS4·终归愚戏.txt (1993061 字节)
2026-07-04 21:43:17,662 - INFO - 解包: [ZS]诸神愚戏\ZSE1·李景明.txt (19199 字节)
2026-07-04 21:43:17,662 - INFO - 解包: [ZS]诸神愚戏\ZSE2·张祭祖.txt (18807 字节)
2026-07-04 21:43:17,665 - INFO - 解包: [ZS]诸神愚戏\ZSE3·韦牧.txt (19142 字节)
2026-07-04 21:43:17,665 - INFO - 解包: [ZS]诸神愚戏\ZSE4·龙井.txt (20338 字节)
2026-07-04 21:43:17,667 - INFO - 解包: [ZS]诸神愚戏\ZSE5·可塔罗.txt (18948 字节)
2026-07-04 21:43:17,668 - INFO - 解包: [ZS]诸神愚戏\ZSE6·安铭瑜.txt (22857 字节)
2026-07-04 21:43:17,669 - INFO - 解包: [ZS]诸神愚戏\ZSE7·【欺诈】.txt (19593 字节)
2026-07-04 21:43:17,669 - INFO - 解包: [ZS]诸神愚戏\ZSE8·【命运】.txt (19323 字节)
2026-07-04 21:43:17,669 - INFO - 解包: [ZS]诸神愚戏\ZSE9·幸存者们.txt (7348 字节)
2026-07-04 21:43:17,676 - INFO - 解包: [ZS]诸神愚戏\ZS·诸神愚戏.txt (11435773 字节)
2026-07-04 21:43:17,676 - INFO - 解包完成! 共解压 112 个文件到 extracted
2026-07-04 21:43:17,694 - INFO - 已清理临时文件: .\pack\resources.bin_merged.bin
2026-07-04 21:43:20,282 - INFO - 正在退出程序...
2026-07-04 21:43:20,293 - INFO - 程序已退出
