2026-07-05 15:50:16,419 - INFO - 日志系统已初始化，日志文件: reader.log
2026-07-05 15:50:16,560 - INFO - ==========READER LAUNCHED==========
2026-07-05 15:50:16,562 - INFO - 开始加载 UI 组件...
2026-07-05 15:50:16,562 - INFO - 搜索分卷文件: .\pack\resources.bin*
2026-07-05 15:50:16,562 - INFO - 找到 12 个分卷文件，开始合并...
2026-07-05 15:50:17,127 - INFO - 分卷合并完成，开始解包解析...
2026-07-05 15:50:17,201 - INFO - 解压完成，共 112 个文件
2026-07-05 15:50:17,214 - INFO - 成功加载 112 个内置资源条目
2026-07-05 15:50:17,225 - INFO - UI 加载完成
2026-07-05 15:50:22,248 - INFO - 老板键触发：隐藏窗口
2026-07-05 15:50:24,398 - INFO - 老板键恢复：标题已还原为 'CODEZPC's READER'
2026-07-05 15:50:25,522 - INFO - 老板键触发：隐藏窗口
2026-07-05 15:50:30,749 - INFO - 老板键恢复：标题已还原为 'CODEZPC's READER'
2026-07-05 15:51:35,139 - INFO - 日志系统已初始化，日志文件: reader.log
2026-07-05 15:51:35,289 - INFO - ==========READER LAUNCHED==========
2026-07-05 15:51:35,289 - INFO - 开始加载 UI 组件...
2026-07-05 15:51:35,289 - INFO - 搜索分卷文件: .\pack\resources.bin*
2026-07-05 15:51:35,290 - INFO - 找到 12 个分卷文件，开始合并...
2026-07-05 15:51:35,881 - INFO - 分卷合并完成，开始解包解析...
2026-07-05 15:51:35,947 - INFO - 解压完成，共 112 个文件
2026-07-05 15:51:35,961 - INFO - 成功加载 112 个内置资源条目
2026-07-05 15:51:35,973 - INFO - UI 加载完成
2026-07-05 15:51:38,959 - INFO - 打开内置书籍选择窗口
2026-07-05 15:51:40,342 - INFO - 开始打开文件: file_path=[GM]诡秘之主\GM·诡秘之主.txt, built=True, reload=False
2026-07-05 15:51:40,342 - INFO - 打开内置书籍: [GM]诡秘之主\GM·诡秘之主.txt
2026-07-05 15:51:40,353 - INFO - 开始分页处理: file_path=builtin, builtin=True
2026-07-05 15:51:40,353 - INFO - 处理内置资源内容
2026-07-05 15:51:41,823 - INFO - 分页完成: 总行数=271412, 总页数=10857, 检测到1450个章节
2026-07-05 15:51:41,828 - INFO - 成功打开文件: [GM]诡秘之主\GM·诡秘之主.txt, 总页数: 10857, 章节数: 1450
2026-07-05 15:58:26,967 - INFO - 日志系统已初始化，日志文件: reader.log
2026-07-05 15:58:27,114 - INFO - ==========READER LAUNCHED==========
2026-07-05 15:58:27,115 - INFO - 开始加载 UI 组件...
2026-07-05 15:58:27,115 - INFO - 搜索分卷文件: .\pack\resources.bin*
2026-07-05 15:58:27,115 - INFO - 找到 12 个分卷文件，开始合并...
2026-07-05 15:58:27,679 - INFO - 分卷合并完成，开始解包解析...
2026-07-05 15:58:27,763 - INFO - 解压完成，共 112 个文件
2026-07-05 15:58:27,775 - INFO - 成功加载 112 个内置资源条目
2026-07-05 15:58:27,821 - INFO - UI 加载完成
2026-07-05 16:01:17,043 - INFO - 日志系统已初始化，日志文件: reader.log
2026-07-05 16:01:17,187 - INFO - ==========READER LAUNCHED==========
2026-07-05 16:01:17,187 - INFO - 开始加载 UI 组件...
2026-07-05 16:01:17,188 - INFO - 搜索分卷文件: .\pack\resources.bin*
2026-07-05 16:01:17,189 - INFO - 找到 12 个分卷文件，开始合并...
2026-07-05 16:01:17,754 - INFO - 分卷合并完成，开始解包解析...
2026-07-05 16:01:17,817 - INFO - 解压完成，共 112 个文件
2026-07-05 16:01:17,829 - INFO - 成功加载 112 个内置资源条目
2026-07-05 16:01:17,872 - INFO - UI 加载完成
